2026-10-01T11:09:34+01:00 daim-lab-2 osken-manager[174353]: {"event": "ready", "mode": "reactive_osken"}
2026-10-01T11:09:47+01:00 daim-lab-2 osken-manager[174353]: {"event": "ready", "mode": "reactive_osken"}
2026-10-01T11:09:47+01:00 daim-lab-2 osken-manager[174353]: {"event": "ready", "mode": "reactive_osken"}
2026-10-01T11:09:47+01:00 daim-lab-2 osken-manager[174353]: {"event": "ready", "mode": "reactive_osken"}
2026-10-01T11:09:47+01:00 daim-lab-2 osken-manager[174353]: {"event": "ready", "mode": "reactive_osken"}
2026-10-01T11:09:47+01:00 daim-lab-2 osken-manager[174353]: {"event": "ready", "mode": "reactive_osken"}
2026-10-01T11:09:47+01:00 daim-lab-2 osken-manager[174353]: {"event": "ready", "mode": "reactive_osken"}
2026-10-01T11:09:47+01:00 daim-lab-2 osken-manager[174353]: {"event": "ready", "mode": "reactive_osken"}
2026-10-01T11:09:47+01:00 daim-lab-2 osken-manager[174353]: {"event": "ready", "mode": "reactive_osken"}
2026-10-01T11:10:02+01:00 daim-lab-2 osken-manager[174353]: {"event": "ready", "mode": "reactive_osken"}
2026-10-01T11:10:17+01:00 daim-lab-2 systemd[1]: Stopping daim-review-osken.service - DAIM review isolated osken...
2026-10-01T11:10:17+01:00 daim-lab-2 systemd[1]: daim-review-osken.service: Deactivated successfully.
2026-10-01T11:10:17+01:00 daim-lab-2 systemd[1]: Stopped daim-review-osken.service - DAIM review isolated osken.
2026-10-01T11:10:19+01:00 daim-lab-2 systemd[1]: Started daim-review-osken.service - DAIM review isolated osken.
2026-10-01T11:10:19+01:00 daim-lab-2 osken-manager[199411]: /home/ubuntu/daim_venv/lib/python3.12/site-packages/os_ken/lib/hub.py:30: EventletDeprecationWarning:
2026-10-01T11:10:19+01:00 daim-lab-2 osken-manager[199411]: Eventlet is deprecated. It is currently being maintained in bugfix mode, and
2026-10-01T11:10:19+01:00 daim-lab-2 osken-manager[199411]: we strongly recommend against using it for new projects.
2026-10-01T11:10:19+01:00 daim-lab-2 osken-manager[199411]: If you are already using Eventlet, we recommend migrating to a different
2026-10-01T11:10:19+01:00 daim-lab-2 osken-manager[199411]: framework.  For more detail see
2026-10-01T11:10:19+01:00 daim-lab-2 osken-manager[199411]: https://eventlet.readthedocs.io/en/latest/asyncio/migration.html
2026-10-01T11:10:19+01:00 daim-lab-2 osken-manager[199411]:   import eventlet
2026-10-01T11:10:19+01:00 daim-lab-2 osken-manager[199411]: 1 RLock(s) were not greened, to fix this error make sure you run eventlet.monkey_patch() before importing any other modules.
2026-10-01T11:10:19+01:00 daim-lab-2 osken-manager[199411]: loading app /home/ubuntu/review_campaign/network/r5_osken_service_controller.py
2026-10-01T11:10:19+01:00 daim-lab-2 osken-manager[199411]: loading app os_ken.controller.ofp_handler
2026-10-01T11:10:19+01:00 daim-lab-2 osken-manager[199411]: instantiating app /home/ubuntu/review_campaign/network/r5_osken_service_controller.py of CampaignOskenController
2026-10-01T11:10:19+01:00 daim-lab-2 osken-manager[199411]: instantiating app os_ken.controller.ofp_handler of OFPHandler
2026-10-01T11:10:20+01:00 daim-lab-2 osken-manager[199411]: {"event": "ready", "mode": "reactive_osken"}
2026-10-01T11:10:22+01:00 daim-lab-2 osken-manager[199411]: {"event": "ready", "mode": "reactive_osken"}
2026-10-01T11:10:22+01:00 daim-lab-2 osken-manager[199411]: {"event": "ready", "mode": "reactive_osken"}
2026-10-01T11:10:22+01:00 daim-lab-2 osken-manager[199411]: {"event": "ready", "mode": "reactive_osken"}
2026-10-01T11:10:22+01:00 daim-lab-2 osken-manager[199411]: {"event": "ready", "mode": "reactive_osken"}
2026-10-01T11:10:22+01:00 daim-lab-2 osken-manager[199411]: {"event": "ready", "mode": "reactive_osken"}
2026-10-01T11:10:22+01:00 daim-lab-2 osken-manager[199411]: {"event": "ready", "mode": "reactive_osken"}
2026-10-01T11:10:22+01:00 daim-lab-2 osken-manager[199411]: {"event": "ready", "mode": "reactive_osken"}
2026-10-01T11:10:22+01:00 daim-lab-2 osken-manager[199411]: {"event": "ready", "mode": "reactive_osken"}
2026-10-01T11:10:22+01:00 daim-lab-2 osken-manager[199411]: {"event": "ready", "mode": "reactive_osken"}
2026-10-01T11:10:22+01:00 daim-lab-2 osken-manager[199411]: {"event": "ready", "mode": "reactive_osken"}
2026-10-01T11:10:22+01:00 daim-lab-2 osken-manager[199411]: {"event": "ready", "mode": "reactive_osken"}
2026-10-01T11:10:22+01:00 daim-lab-2 osken-manager[199411]: {"event": "ready", "mode": "reactive_osken"}
2026-10-01T11:10:22+01:00 daim-lab-2 osken-manager[199411]: {"event": "ready", "mode": "reactive_osken"}
2026-10-01T11:10:22+01:00 daim-lab-2 osken-manager[199411]: {"event": "ready", "mode": "reactive_osken"}
2026-10-01T11:10:22+01:00 daim-lab-2 osken-manager[199411]: {"event": "ready", "mode": "reactive_osken"}
2026-10-01T11:10:22+01:00 daim-lab-2 osken-manager[199411]: {"event": "ready", "mode": "reactive_osken"}
2026-10-01T11:10:39+01:00 daim-lab-2 osken-manager[199411]: {"event": "ready", "mode": "reactive_osken"}
2026-10-01T11:10:39+01:00 daim-lab-2 osken-manager[199411]: {"event": "ready", "mode": "reactive_osken"}
2026-10-01T11:10:39+01:00 daim-lab-2 osken-manager[199411]: {"event": "ready", "mode": "reactive_osken"}
2026-10-01T11:10:39+01:00 daim-lab-2 osken-manager[199411]: {"event": "ready", "mode": "reactive_osken"}
2026-10-01T11:10:39+01:00 daim-lab-2 osken-manager[199411]: {"event": "ready", "mode": "reactive_osken"}
2026-10-01T11:10:39+01:00 daim-lab-2 osken-manager[199411]: {"event": "ready", "mode": "reactive_osken"}
2026-10-01T11:10:39+01:00 daim-lab-2 osken-manager[199411]: {"event": "ready", "mode": "reactive_osken"}
2026-10-01T11:10:39+01:00 daim-lab-2 osken-manager[199411]: {"event": "ready", "mode": "reactive_osken"}
2026-10-01T11:10:53+01:00 daim-lab-2 osken-manager[199411]: {"event": "ready", "mode": "reactive_osken"}
2026-10-01T11:11:09+01:00 daim-lab-2 osken-manager[199411]: {"event": "ready", "mode": "reactive_osken"}
2026-10-01T11:11:12+01:00 daim-lab-2 osken-manager[199411]: {"event": "ready", "mode": "reactive_osken"}
2026-10-01T11:11:12+01:00 daim-lab-2 osken-manager[199411]: {"event": "ready", "mode": "reactive_osken"}
2026-10-01T11:11:12+01:00 daim-lab-2 osken-manager[199411]: {"event": "ready", "mode": "reactive_osken"}
2026-10-01T11:11:12+01:00 daim-lab-2 osken-manager[199411]: {"event": "ready", "mode": "reactive_osken"}
2026-10-01T11:11:29+01:00 daim-lab-2 osken-manager[199411]: {"event": "ready", "mode": "reactive_osken"}
2026-10-01T11:11:29+01:00 daim-lab-2 osken-manager[199411]: {"event": "ready", "mode": "reactive_osken"}
2026-10-01T11:11:29+01:00 daim-lab-2 osken-manager[199411]: {"event": "ready", "mode": "reactive_osken"}
2026-10-01T11:11:29+01:00 daim-lab-2 osken-manager[199411]: {"event": "ready", "mode": "reactive_osken"}
2026-10-01T11:11:29+01:00 daim-lab-2 osken-manager[199411]: {"event": "ready", "mode": "reactive_osken"}
2026-10-01T11:11:29+01:00 daim-lab-2 osken-manager[199411]: {"event": "ready", "mode": "reactive_osken"}
2026-10-01T11:11:29+01:00 daim-lab-2 osken-manager[199411]: {"event": "ready", "mode": "reactive_osken"}
2026-10-01T11:11:29+01:00 daim-lab-2 osken-manager[199411]: {"event": "ready", "mode": "reactive_osken"}
2026-10-01T11:11:29+01:00 daim-lab-2 osken-manager[199411]: {"event": "ready", "mode": "reactive_osken"}
2026-10-01T11:11:29+01:00 daim-lab-2 osken-manager[199411]: {"event": "ready", "mode": "reactive_osken"}
2026-10-01T11:11:29+01:00 daim-lab-2 osken-manager[199411]: {"event": "ready", "mode": "reactive_osken"}
2026-10-01T11:11:29+01:00 daim-lab-2 osken-manager[199411]: {"event": "ready", "mode": "reactive_osken"}
2026-10-01T11:11:29+01:00 daim-lab-2 osken-manager[199411]: {"event": "ready", "mode": "reactive_osken"}
2026-10-01T11:11:29+01:00 daim-lab-2 osken-manager[199411]: {"event": "ready", "mode": "reactive_osken"}
2026-10-01T11:11:29+01:00 daim-lab-2 osken-manager[199411]: {"event": "ready", "mode": "reactive_osken"}
2026-10-01T11:11:29+01:00 daim-lab-2 osken-manager[199411]: {"event": "ready", "mode": "reactive_osken"}
2026-10-01T11:11:44+01:00 daim-lab-2 osken-manager[199411]: {"event": "ready", "mode": "reactive_osken"}
2026-10-01T11:11:44+01:00 daim-lab-2 osken-manager[199411]: {"event": "ready", "mode": "reactive_osken"}
2026-10-01T11:11:44+01:00 daim-lab-2 osken-manager[199411]: {"event": "ready", "mode": "reactive_osken"}
2026-10-01T11:11:44+01:00 daim-lab-2 osken-manager[199411]: {"event": "ready", "mode": "reactive_osken"}
2026-10-01T11:11:44+01:00 daim-lab-2 osken-manager[199411]: {"event": "ready", "mode": "reactive_osken"}
2026-10-01T11:11:44+01:00 daim-lab-2 osken-manager[199411]: {"event": "ready", "mode": "reactive_osken"}
2026-10-01T11:11:44+01:00 daim-lab-2 osken-manager[199411]: {"event": "ready", "mode": "reactive_osken"}
2026-10-01T11:11:44+01:00 daim-lab-2 osken-manager[199411]: {"event": "ready", "mode": "reactive_osken"}
