2026-10-01T12:08:37+01:00 daim-lab-2 systemd[1]: Started daim-review-odl.service - DAIM review isolated odl.
2026-10-01T12:08:37+01:00 daim-lab-2 karaf[490652]: Apache Karaf starting up. Press Enter to open the shell now...
2026-10-01T12:08:43+01:00 daim-lab-2 karaf[490652]: [7.8K blob data]
2026-10-01T12:08:43+01:00 daim-lab-2 karaf[490652]: Karaf started in 5s. Bundle stats: 415 active, 416 total
2026-10-01T12:09:51+01:00 daim-lab-2 systemd[1]: daim-review-odl.service: Sent signal SIGKILL to main process 490596 (karaf) on client request.
2026-10-01T12:09:51+01:00 daim-lab-2 systemd[1]: daim-review-odl.service: Sending signal SIGKILL to process 490652 (java) on client request.
2026-10-01T12:09:51+01:00 daim-lab-2 systemd[1]: daim-review-odl.service: Failed to send signal SIGKILL to auxiliary processes on client request: Invalid argument
2026-10-01T12:09:51+01:00 daim-lab-2 systemd[1]: daim-review-odl.service: Main process exited, code=killed, status=9/KILL
2026-10-01T12:09:51+01:00 daim-lab-2 systemd[1]: daim-review-odl.service: Failed to kill control group /system.slice/daim-review-odl.service, ignoring: Invalid argument
2026-10-01T12:09:51+01:00 daim-lab-2 systemd[1]: daim-review-odl.service: Failed to kill control group /system.slice/daim-review-odl.service, ignoring: Invalid argument
2026-10-01T12:09:51+01:00 daim-lab-2 systemd[1]: daim-review-odl.service: Failed with result 'signal'.
2026-10-01T12:09:51+01:00 daim-lab-2 systemd[1]: daim-review-odl.service: Consumed 32.986s CPU time, 599.3M memory peak, 0B memory swap peak.
2026-10-01T12:09:54+01:00 daim-lab-2 systemd[1]: Started daim-review-odl.service - DAIM review isolated odl.
2026-10-01T12:09:54+01:00 daim-lab-2 karaf[491818]: Apache Karaf starting up. Press Enter to open the shell now...
2026-10-01T12:10:00+01:00 daim-lab-2 karaf[491818]: [7.8K blob data]
2026-10-01T12:10:00+01:00 daim-lab-2 karaf[491818]: Karaf started in 5s. Bundle stats: 415 active, 416 total
2026-10-01T12:18:16+01:00 daim-lab-2 systemd[1]: Stopping daim-review-odl.service - DAIM review isolated odl...
2026-10-01T12:18:21+01:00 daim-lab-2 systemd[1]: daim-review-odl.service: Deactivated successfully.
2026-10-01T12:18:21+01:00 daim-lab-2 systemd[1]: Stopped daim-review-odl.service - DAIM review isolated odl.
2026-10-01T12:18:21+01:00 daim-lab-2 systemd[1]: daim-review-odl.service: Consumed 1min 34.867s CPU time, 820.5M memory peak, 0B memory swap peak.
2026-10-01T12:18:22+01:00 daim-lab-2 systemd[1]: Started daim-review-odl.service - DAIM review isolated odl.
2026-10-01T12:18:22+01:00 daim-lab-2 karaf[529606]: Apache Karaf starting up. Press Enter to open the shell now...
