2026-10-01T12:46:36+01:00 daim-lab-2 systemd[1]: Started daim-review-osken.service - DAIM review isolated osken.
2026-10-01T12:46:36+01:00 daim-lab-2 osken-manager[663935]: /home/ubuntu/daim_venv/lib/python3.12/site-packages/os_ken/lib/hub.py:30: EventletDeprecationWarning:
2026-10-01T12:46:36+01:00 daim-lab-2 osken-manager[663935]: Eventlet is deprecated. It is currently being maintained in bugfix mode, and
2026-10-01T12:46:36+01:00 daim-lab-2 osken-manager[663935]: we strongly recommend against using it for new projects.
2026-10-01T12:46:36+01:00 daim-lab-2 osken-manager[663935]: If you are already using Eventlet, we recommend migrating to a different
2026-10-01T12:46:36+01:00 daim-lab-2 osken-manager[663935]: framework.  For more detail see
2026-10-01T12:46:36+01:00 daim-lab-2 osken-manager[663935]: https://eventlet.readthedocs.io/en/latest/asyncio/migration.html
2026-10-01T12:46:36+01:00 daim-lab-2 osken-manager[663935]:   import eventlet
2026-10-01T12:46:36+01:00 daim-lab-2 osken-manager[663935]: 1 RLock(s) were not greened, to fix this error make sure you run eventlet.monkey_patch() before importing any other modules.
2026-10-01T12:46:36+01:00 daim-lab-2 osken-manager[663935]: loading app /home/ubuntu/review_campaign/network/r5_osken_service_controller.py
2026-10-01T12:46:36+01:00 daim-lab-2 osken-manager[663935]: loading app os_ken.controller.ofp_handler
2026-10-01T12:46:36+01:00 daim-lab-2 osken-manager[663935]: instantiating app /home/ubuntu/review_campaign/network/r5_osken_service_controller.py of CampaignOskenController
2026-10-01T12:46:36+01:00 daim-lab-2 osken-manager[663935]: instantiating app os_ken.controller.ofp_handler of OFPHandler
2026-10-01T12:47:07+01:00 daim-lab-2 osken-manager[663935]: {"event": "ready", "mode": "reactive_osken"}
2026-10-01T12:47:21+01:00 daim-lab-2 systemd[1]: daim-review-osken.service: Sent signal SIGKILL to main process 663935 (osken-manager) on client request.
2026-10-01T12:47:21+01:00 daim-lab-2 systemd[1]: daim-review-osken.service: Main process exited, code=killed, status=9/KILL
2026-10-01T12:47:21+01:00 daim-lab-2 systemd[1]: daim-review-osken.service: Failed with result 'signal'.
2026-10-01T12:47:22+01:00 daim-lab-2 systemd[1]: Started daim-review-osken.service - DAIM review isolated osken.
2026-10-01T12:47:22+01:00 daim-lab-2 osken-manager[664184]: /home/ubuntu/daim_venv/lib/python3.12/site-packages/os_ken/lib/hub.py:30: EventletDeprecationWarning:
2026-10-01T12:47:22+01:00 daim-lab-2 osken-manager[664184]: Eventlet is deprecated. It is currently being maintained in bugfix mode, and
2026-10-01T12:47:22+01:00 daim-lab-2 osken-manager[664184]: we strongly recommend against using it for new projects.
2026-10-01T12:47:22+01:00 daim-lab-2 osken-manager[664184]: If you are already using Eventlet, we recommend migrating to a different
2026-10-01T12:47:22+01:00 daim-lab-2 osken-manager[664184]: framework.  For more detail see
2026-10-01T12:47:22+01:00 daim-lab-2 osken-manager[664184]: https://eventlet.readthedocs.io/en/latest/asyncio/migration.html
2026-10-01T12:47:22+01:00 daim-lab-2 osken-manager[664184]:   import eventlet
2026-10-01T12:47:22+01:00 daim-lab-2 osken-manager[664184]: 1 RLock(s) were not greened, to fix this error make sure you run eventlet.monkey_patch() before importing any other modules.
2026-10-01T12:47:22+01:00 daim-lab-2 osken-manager[664184]: loading app /home/ubuntu/review_campaign/network/r5_osken_service_controller.py
2026-10-01T12:47:22+01:00 daim-lab-2 osken-manager[664184]: loading app os_ken.controller.ofp_handler
2026-10-01T12:47:22+01:00 daim-lab-2 osken-manager[664184]: instantiating app /home/ubuntu/review_campaign/network/r5_osken_service_controller.py of CampaignOskenController
2026-10-01T12:47:22+01:00 daim-lab-2 osken-manager[664184]: instantiating app os_ken.controller.ofp_handler of OFPHandler
2026-10-01T12:47:23+01:00 daim-lab-2 osken-manager[664184]: {"event": "ready", "mode": "reactive_osken"}
2026-10-01T12:47:25+01:00 daim-lab-2 osken-manager[664184]: {"event": "ready", "mode": "reactive_osken"}
2026-10-01T12:47:25+01:00 daim-lab-2 osken-manager[664184]: {"event": "ready", "mode": "reactive_osken"}
2026-10-01T12:47:25+01:00 daim-lab-2 osken-manager[664184]: {"event": "ready", "mode": "reactive_osken"}
2026-10-01T12:47:25+01:00 daim-lab-2 osken-manager[664184]: {"event": "ready", "mode": "reactive_osken"}
2026-10-01T12:47:42+01:00 daim-lab-2 osken-manager[664184]: {"event": "ready", "mode": "reactive_osken"}
2026-10-01T12:47:42+01:00 daim-lab-2 osken-manager[664184]: {"event": "ready", "mode": "reactive_osken"}
2026-10-01T12:47:42+01:00 daim-lab-2 osken-manager[664184]: {"event": "ready", "mode": "reactive_osken"}
2026-10-01T12:47:42+01:00 daim-lab-2 osken-manager[664184]: {"event": "ready", "mode": "reactive_osken"}
2026-10-01T12:47:42+01:00 daim-lab-2 osken-manager[664184]: {"event": "ready", "mode": "reactive_osken"}
2026-10-01T12:47:42+01:00 daim-lab-2 osken-manager[664184]: {"event": "ready", "mode": "reactive_osken"}
2026-10-01T12:47:42+01:00 daim-lab-2 osken-manager[664184]: {"event": "ready", "mode": "reactive_osken"}
2026-10-01T12:47:42+01:00 daim-lab-2 osken-manager[664184]: {"event": "ready", "mode": "reactive_osken"}
2026-10-01T12:47:42+01:00 daim-lab-2 osken-manager[664184]: {"event": "ready", "mode": "reactive_osken"}
2026-10-01T12:47:42+01:00 daim-lab-2 osken-manager[664184]: {"event": "ready", "mode": "reactive_osken"}
2026-10-01T12:47:42+01:00 daim-lab-2 osken-manager[664184]: {"event": "ready", "mode": "reactive_osken"}
2026-10-01T12:47:42+01:00 daim-lab-2 osken-manager[664184]: {"event": "ready", "mode": "reactive_osken"}
2026-10-01T12:47:42+01:00 daim-lab-2 osken-manager[664184]: {"event": "ready", "mode": "reactive_osken"}
2026-10-01T12:47:42+01:00 daim-lab-2 osken-manager[664184]: {"event": "ready", "mode": "reactive_osken"}
2026-10-01T12:47:42+01:00 daim-lab-2 osken-manager[664184]: {"event": "ready", "mode": "reactive_osken"}
2026-10-01T12:47:42+01:00 daim-lab-2 osken-manager[664184]: {"event": "ready", "mode": "reactive_osken"}
2026-10-01T12:47:57+01:00 daim-lab-2 osken-manager[664184]: {"event": "ready", "mode": "reactive_osken"}
2026-10-01T12:47:57+01:00 daim-lab-2 osken-manager[664184]: {"event": "ready", "mode": "reactive_osken"}
2026-10-01T12:47:57+01:00 daim-lab-2 osken-manager[664184]: {"event": "ready", "mode": "reactive_osken"}
2026-10-01T12:47:57+01:00 daim-lab-2 osken-manager[664184]: {"event": "ready", "mode": "reactive_osken"}
2026-10-01T12:47:57+01:00 daim-lab-2 osken-manager[664184]: {"event": "ready", "mode": "reactive_osken"}
2026-10-01T12:47:57+01:00 daim-lab-2 osken-manager[664184]: {"event": "ready", "mode": "reactive_osken"}
2026-10-01T12:47:57+01:00 daim-lab-2 osken-manager[664184]: {"event": "ready", "mode": "reactive_osken"}
2026-10-01T12:47:57+01:00 daim-lab-2 osken-manager[664184]: {"event": "ready", "mode": "reactive_osken"}
2026-10-01T12:48:12+01:00 daim-lab-2 osken-manager[664184]: {"event": "ready", "mode": "reactive_osken"}
2026-10-01T12:48:27+01:00 daim-lab-2 osken-manager[664184]: {"event": "ready", "mode": "reactive_osken"}
2026-10-01T12:48:27+01:00 daim-lab-2 osken-manager[664184]: {"event": "ready", "mode": "reactive_osken"}
2026-10-01T12:48:27+01:00 daim-lab-2 osken-manager[664184]: {"event": "ready", "mode": "reactive_osken"}
2026-10-01T12:48:27+01:00 daim-lab-2 osken-manager[664184]: {"event": "ready", "mode": "reactive_osken"}
2026-10-01T12:48:27+01:00 daim-lab-2 osken-manager[664184]: {"event": "ready", "mode": "reactive_osken"}
2026-10-01T12:48:27+01:00 daim-lab-2 osken-manager[664184]: {"event": "ready", "mode": "reactive_osken"}
2026-10-01T12:48:27+01:00 daim-lab-2 osken-manager[664184]: {"event": "ready", "mode": "reactive_osken"}
2026-10-01T12:48:27+01:00 daim-lab-2 osken-manager[664184]: {"event": "ready", "mode": "reactive_osken"}
2026-10-01T12:48:27+01:00 daim-lab-2 osken-manager[664184]: {"event": "ready", "mode": "reactive_osken"}
2026-10-01T12:48:27+01:00 daim-lab-2 osken-manager[664184]: {"event": "ready", "mode": "reactive_osken"}
2026-10-01T12:48:27+01:00 daim-lab-2 osken-manager[664184]: {"event": "ready", "mode": "reactive_osken"}
2026-10-01T12:48:27+01:00 daim-lab-2 osken-manager[664184]: {"event": "ready", "mode": "reactive_osken"}
2026-10-01T12:48:27+01:00 daim-lab-2 osken-manager[664184]: {"event": "ready", "mode": "reactive_osken"}
2026-10-01T12:48:27+01:00 daim-lab-2 osken-manager[664184]: {"event": "ready", "mode": "reactive_osken"}
2026-10-01T12:48:27+01:00 daim-lab-2 osken-manager[664184]: {"event": "ready", "mode": "reactive_osken"}
2026-10-01T12:48:27+01:00 daim-lab-2 osken-manager[664184]: {"event": "ready", "mode": "reactive_osken"}
2026-10-01T12:48:42+01:00 daim-lab-2 osken-manager[664184]: {"event": "ready", "mode": "reactive_osken"}
2026-10-01T12:48:58+01:00 daim-lab-2 osken-manager[664184]: {"event": "ready", "mode": "reactive_osken"}
2026-10-01T12:48:58+01:00 daim-lab-2 osken-manager[664184]: {"event": "ready", "mode": "reactive_osken"}
2026-10-01T12:48:58+01:00 daim-lab-2 osken-manager[664184]: {"event": "ready", "mode": "reactive_osken"}
2026-10-01T12:48:58+01:00 daim-lab-2 osken-manager[664184]: {"event": "ready", "mode": "reactive_osken"}
2026-10-01T12:48:58+01:00 daim-lab-2 osken-manager[664184]: {"event": "ready", "mode": "reactive_osken"}
2026-10-01T12:48:58+01:00 daim-lab-2 osken-manager[664184]: {"event": "ready", "mode": "reactive_osken"}
2026-10-01T12:48:58+01:00 daim-lab-2 osken-manager[664184]: {"event": "ready", "mode": "reactive_osken"}
2026-10-01T12:48:58+01:00 daim-lab-2 osken-manager[664184]: {"event": "ready", "mode": "reactive_osken"}
2026-10-01T12:49:13+01:00 daim-lab-2 osken-manager[664184]: {"event": "ready", "mode": "reactive_osken"}
2026-10-01T12:49:29+01:00 daim-lab-2 osken-manager[664184]: {"event": "ready", "mode": "reactive_osken"}
2026-10-01T12:49:29+01:00 daim-lab-2 osken-manager[664184]: {"event": "ready", "mode": "reactive_osken"}
2026-10-01T12:49:29+01:00 daim-lab-2 osken-manager[664184]: {"event": "ready", "mode": "reactive_osken"}
2026-10-01T12:49:29+01:00 daim-lab-2 osken-manager[664184]: {"event": "ready", "mode": "reactive_osken"}
2026-10-01T12:49:43+01:00 daim-lab-2 osken-manager[664184]: {"event": "ready", "mode": "reactive_osken"}
2026-10-01T12:49:58+01:00 daim-lab-2 systemd[1]: Stopping daim-review-osken.service - DAIM review isolated osken...
2026-10-01T12:49:58+01:00 daim-lab-2 systemd[1]: daim-review-osken.service: Deactivated successfully.
2026-10-01T12:49:58+01:00 daim-lab-2 systemd[1]: Stopped daim-review-osken.service - DAIM review isolated osken.
2026-10-01T12:50:00+01:00 daim-lab-2 systemd[1]: Started daim-review-osken.service - DAIM review isolated osken.
2026-10-01T12:50:00+01:00 daim-lab-2 osken-manager[685836]: /home/ubuntu/daim_venv/lib/python3.12/site-packages/os_ken/lib/hub.py:30: EventletDeprecationWarning:
2026-10-01T12:50:00+01:00 daim-lab-2 osken-manager[685836]: Eventlet is deprecated. It is currently being maintained in bugfix mode, and
2026-10-01T12:50:00+01:00 daim-lab-2 osken-manager[685836]: we strongly recommend against using it for new projects.
2026-10-01T12:50:00+01:00 daim-lab-2 osken-manager[685836]: If you are already using Eventlet, we recommend migrating to a different
2026-10-01T12:50:00+01:00 daim-lab-2 osken-manager[685836]: framework.  For more detail see
2026-10-01T12:50:00+01:00 daim-lab-2 osken-manager[685836]: https://eventlet.readthedocs.io/en/latest/asyncio/migration.html
2026-10-01T12:50:00+01:00 daim-lab-2 osken-manager[685836]:   import eventlet
2026-10-01T12:50:00+01:00 daim-lab-2 osken-manager[685836]: 1 RLock(s) were not greened, to fix this error make sure you run eventlet.monkey_patch() before importing any other modules.
2026-10-01T12:50:00+01:00 daim-lab-2 osken-manager[685836]: loading app /home/ubuntu/review_campaign/network/r5_osken_service_controller.py
2026-10-01T12:50:00+01:00 daim-lab-2 osken-manager[685836]: loading app os_ken.controller.ofp_handler
2026-10-01T12:50:00+01:00 daim-lab-2 osken-manager[685836]: instantiating app /home/ubuntu/review_campaign/network/r5_osken_service_controller.py of CampaignOskenController
2026-10-01T12:50:00+01:00 daim-lab-2 osken-manager[685836]: instantiating app os_ken.controller.ofp_handler of OFPHandler
2026-10-01T12:50:01+01:00 daim-lab-2 osken-manager[685836]: {"event": "ready", "mode": "reactive_osken"}
2026-10-01T12:50:02+01:00 daim-lab-2 osken-manager[685836]: {"event": "ready", "mode": "reactive_osken"}
2026-10-01T12:50:50+01:00 daim-lab-2 osken-manager[685836]: {"event": "ready", "mode": "reactive_osken"}
2026-10-01T12:51:06+01:00 daim-lab-2 osken-manager[685836]: {"event": "ready", "mode": "reactive_osken"}
2026-10-01T12:51:08+01:00 daim-lab-2 osken-manager[685836]: {"event": "ready", "mode": "reactive_osken"}
2026-10-01T12:51:08+01:00 daim-lab-2 osken-manager[685836]: {"event": "ready", "mode": "reactive_osken"}
2026-10-01T12:51:08+01:00 daim-lab-2 osken-manager[685836]: {"event": "ready", "mode": "reactive_osken"}
2026-10-01T12:51:08+01:00 daim-lab-2 osken-manager[685836]: {"event": "ready", "mode": "reactive_osken"}
2026-10-01T12:51:08+01:00 daim-lab-2 osken-manager[685836]: {"event": "ready", "mode": "reactive_osken"}
2026-10-01T12:51:08+01:00 daim-lab-2 osken-manager[685836]: {"event": "ready", "mode": "reactive_osken"}
2026-10-01T12:51:08+01:00 daim-lab-2 osken-manager[685836]: {"event": "ready", "mode": "reactive_osken"}
2026-10-01T12:51:08+01:00 daim-lab-2 osken-manager[685836]: {"event": "ready", "mode": "reactive_osken"}
2026-10-01T12:51:24+01:00 daim-lab-2 osken-manager[685836]: {"event": "ready", "mode": "reactive_osken"}
2026-10-01T12:51:40+01:00 daim-lab-2 osken-manager[685836]: {"event": "ready", "mode": "reactive_osken"}
2026-10-01T12:51:40+01:00 daim-lab-2 osken-manager[685836]: {"event": "ready", "mode": "reactive_osken"}
2026-10-01T12:51:40+01:00 daim-lab-2 osken-manager[685836]: {"event": "ready", "mode": "reactive_osken"}
2026-10-01T12:51:40+01:00 daim-lab-2 osken-manager[685836]: {"event": "ready", "mode": "reactive_osken"}
2026-10-01T12:51:40+01:00 daim-lab-2 osken-manager[685836]: {"event": "ready", "mode": "reactive_osken"}
2026-10-01T12:51:40+01:00 daim-lab-2 osken-manager[685836]: {"event": "ready", "mode": "reactive_osken"}
2026-10-01T12:51:40+01:00 daim-lab-2 osken-manager[685836]: {"event": "ready", "mode": "reactive_osken"}
2026-10-01T12:51:40+01:00 daim-lab-2 osken-manager[685836]: {"event": "ready", "mode": "reactive_osken"}
2026-10-01T12:51:40+01:00 daim-lab-2 osken-manager[685836]: {"event": "ready", "mode": "reactive_osken"}
2026-10-01T12:51:40+01:00 daim-lab-2 osken-manager[685836]: {"event": "ready", "mode": "reactive_osken"}
2026-10-01T12:51:40+01:00 daim-lab-2 osken-manager[685836]: {"event": "ready", "mode": "reactive_osken"}
2026-10-01T12:51:40+01:00 daim-lab-2 osken-manager[685836]: {"event": "ready", "mode": "reactive_osken"}
2026-10-01T12:51:40+01:00 daim-lab-2 osken-manager[685836]: {"event": "ready", "mode": "reactive_osken"}
2026-10-01T12:51:40+01:00 daim-lab-2 osken-manager[685836]: {"event": "ready", "mode": "reactive_osken"}
2026-10-01T12:51:40+01:00 daim-lab-2 osken-manager[685836]: {"event": "ready", "mode": "reactive_osken"}
2026-10-01T12:51:40+01:00 daim-lab-2 osken-manager[685836]: {"event": "ready", "mode": "reactive_osken"}
2026-10-01T12:51:56+01:00 daim-lab-2 osken-manager[685836]: {"event": "ready", "mode": "reactive_osken"}
2026-10-01T12:51:56+01:00 daim-lab-2 osken-manager[685836]: {"event": "ready", "mode": "reactive_osken"}
2026-10-01T12:51:56+01:00 daim-lab-2 osken-manager[685836]: {"event": "ready", "mode": "reactive_osken"}
2026-10-01T12:51:56+01:00 daim-lab-2 osken-manager[685836]: {"event": "ready", "mode": "reactive_osken"}
