2026-10-01T12:31:06+01:00 daim-lab-2 systemd[1]: Started daim-review-odl.service - DAIM review isolated odl.
2026-10-01T12:31:06+01:00 daim-lab-2 karaf[595314]: Apache Karaf starting up. Press Enter to open the shell now...
2026-10-01T12:31:13+01:00 daim-lab-2 karaf[595314]: [7.8K blob data]
2026-10-01T12:31:13+01:00 daim-lab-2 karaf[595314]: Karaf started in 6s. Bundle stats: 415 active, 416 total
2026-10-01T12:32:22+01:00 daim-lab-2 systemd[1]: daim-review-odl.service: Sent signal SIGKILL to main process 595258 (karaf) on client request.
2026-10-01T12:32:22+01:00 daim-lab-2 systemd[1]: daim-review-odl.service: Sending signal SIGKILL to process 595314 (java) on client request.
2026-10-01T12:32:22+01:00 daim-lab-2 systemd[1]: daim-review-odl.service: Failed to send signal SIGKILL to auxiliary processes on client request: Invalid argument
2026-10-01T12:32:22+01:00 daim-lab-2 systemd[1]: daim-review-odl.service: Main process exited, code=killed, status=9/KILL
2026-10-01T12:32:22+01:00 daim-lab-2 systemd[1]: daim-review-odl.service: Failed with result 'signal'.
2026-10-01T12:32:22+01:00 daim-lab-2 systemd[1]: daim-review-odl.service: Consumed 33.683s CPU time, 681.6M memory peak, 0B memory swap peak.
2026-10-01T12:32:24+01:00 daim-lab-2 systemd[1]: Started daim-review-odl.service - DAIM review isolated odl.
2026-10-01T12:32:25+01:00 daim-lab-2 karaf[596583]: Apache Karaf starting up. Press Enter to open the shell now...
2026-10-01T12:32:31+01:00 daim-lab-2 karaf[596583]: [7.8K blob data]
2026-10-01T12:32:31+01:00 daim-lab-2 karaf[596583]: Karaf started in 5s. Bundle stats: 415 active, 416 total
2026-10-01T12:37:23+01:00 daim-lab-2 systemd[1]: Stopping daim-review-odl.service - DAIM review isolated odl...
2026-10-01T12:37:29+01:00 daim-lab-2 systemd[1]: daim-review-odl.service: Deactivated successfully.
2026-10-01T12:37:29+01:00 daim-lab-2 systemd[1]: Stopped daim-review-odl.service - DAIM review isolated odl.
2026-10-01T12:37:29+01:00 daim-lab-2 systemd[1]: daim-review-odl.service: Consumed 1min 14.134s CPU time, 771.9M memory peak, 0B memory swap peak.
2026-10-01T12:37:31+01:00 daim-lab-2 systemd[1]: Started daim-review-odl.service - DAIM review isolated odl.
2026-10-01T12:37:31+01:00 daim-lab-2 karaf[619996]: Apache Karaf starting up. Press Enter to open the shell now...
2026-10-01T12:37:38+01:00 daim-lab-2 karaf[619996]: [7.8K blob data]
2026-10-01T12:37:38+01:00 daim-lab-2 karaf[619996]: Karaf started in 5s. Bundle stats: 415 active, 416 total
