2026-10-01T12:18:22+01:00 daim-lab-2 systemd[1]: Started daim-review-daim.service - DAIM review isolated daim.
2026-10-01T12:18:22+01:00 daim-lab-2 osken-manager[529680]: /home/ubuntu/daim_venv/lib/python3.12/site-packages/os_ken/lib/hub.py:30: EventletDeprecationWarning:
2026-10-01T12:18:22+01:00 daim-lab-2 osken-manager[529680]: Eventlet is deprecated. It is currently being maintained in bugfix mode, and
2026-10-01T12:18:22+01:00 daim-lab-2 osken-manager[529680]: we strongly recommend against using it for new projects.
2026-10-01T12:18:22+01:00 daim-lab-2 osken-manager[529680]: If you are already using Eventlet, we recommend migrating to a different
2026-10-01T12:18:22+01:00 daim-lab-2 osken-manager[529680]: framework.  For more detail see
2026-10-01T12:18:22+01:00 daim-lab-2 osken-manager[529680]: https://eventlet.readthedocs.io/en/latest/asyncio/migration.html
2026-10-01T12:18:22+01:00 daim-lab-2 osken-manager[529680]:   import eventlet
2026-10-01T12:18:22+01:00 daim-lab-2 osken-manager[529680]: 1 RLock(s) were not greened, to fix this error make sure you run eventlet.monkey_patch() before importing any other modules.
2026-10-01T12:18:22+01:00 daim-lab-2 osken-manager[529680]: loading app /home/ubuntu/review_campaign/network/r5_daim_service_controller.py
2026-10-01T12:18:22+01:00 daim-lab-2 osken-manager[529680]: loading app os_ken.controller.ofp_handler
2026-10-01T12:18:22+01:00 daim-lab-2 osken-manager[529680]: instantiating app /home/ubuntu/review_campaign/network/r5_daim_service_controller.py of CampaignDaimController
2026-10-01T12:18:22+01:00 daim-lab-2 osken-manager[529680]: instantiating app os_ken.controller.ofp_handler of OFPHandler
2026-10-01T12:18:54+01:00 daim-lab-2 osken-manager[529680]: {"event": "ready", "mode": "process_per_rule"}
2026-10-01T12:19:07+01:00 daim-lab-2 systemd[1]: daim-review-daim.service: Sent signal SIGKILL to main process 529680 (osken-manager) on client request.
2026-10-01T12:19:07+01:00 daim-lab-2 systemd[1]: daim-review-daim.service: Main process exited, code=killed, status=9/KILL
2026-10-01T12:19:07+01:00 daim-lab-2 systemd[1]: daim-review-daim.service: Failed with result 'signal'.
2026-10-01T12:19:08+01:00 daim-lab-2 systemd[1]: Started daim-review-daim.service - DAIM review isolated daim.
2026-10-01T12:19:08+01:00 daim-lab-2 osken-manager[529942]: /home/ubuntu/daim_venv/lib/python3.12/site-packages/os_ken/lib/hub.py:30: EventletDeprecationWarning:
2026-10-01T12:19:08+01:00 daim-lab-2 osken-manager[529942]: Eventlet is deprecated. It is currently being maintained in bugfix mode, and
2026-10-01T12:19:08+01:00 daim-lab-2 osken-manager[529942]: we strongly recommend against using it for new projects.
2026-10-01T12:19:08+01:00 daim-lab-2 osken-manager[529942]: If you are already using Eventlet, we recommend migrating to a different
2026-10-01T12:19:08+01:00 daim-lab-2 osken-manager[529942]: framework.  For more detail see
2026-10-01T12:19:08+01:00 daim-lab-2 osken-manager[529942]: https://eventlet.readthedocs.io/en/latest/asyncio/migration.html
2026-10-01T12:19:08+01:00 daim-lab-2 osken-manager[529942]:   import eventlet
2026-10-01T12:19:08+01:00 daim-lab-2 osken-manager[529942]: 1 RLock(s) were not greened, to fix this error make sure you run eventlet.monkey_patch() before importing any other modules.
2026-10-01T12:19:08+01:00 daim-lab-2 osken-manager[529942]: loading app /home/ubuntu/review_campaign/network/r5_daim_service_controller.py
2026-10-01T12:19:08+01:00 daim-lab-2 osken-manager[529942]: loading app os_ken.controller.ofp_handler
2026-10-01T12:19:08+01:00 daim-lab-2 osken-manager[529942]: instantiating app /home/ubuntu/review_campaign/network/r5_daim_service_controller.py of CampaignDaimController
2026-10-01T12:19:08+01:00 daim-lab-2 osken-manager[529942]: instantiating app os_ken.controller.ofp_handler of OFPHandler
2026-10-01T12:19:09+01:00 daim-lab-2 osken-manager[529942]: {"event": "ready", "mode": "process_per_rule"}
2026-10-01T12:23:50+01:00 daim-lab-2 systemd[1]: Stopping daim-review-daim.service - DAIM review isolated daim...
2026-10-01T12:23:50+01:00 daim-lab-2 systemd[1]: daim-review-daim.service: Deactivated successfully.
2026-10-01T12:23:50+01:00 daim-lab-2 systemd[1]: Stopped daim-review-daim.service - DAIM review isolated daim.
2026-10-01T12:23:50+01:00 daim-lab-2 systemd[1]: daim-review-daim.service: Consumed 3.848s CPU time, 50.6M memory peak, 0B memory swap peak.
2026-10-01T12:23:51+01:00 daim-lab-2 systemd[1]: Started daim-review-daim.service - DAIM review isolated daim.
2026-10-01T12:23:51+01:00 daim-lab-2 osken-manager[561795]: /home/ubuntu/daim_venv/lib/python3.12/site-packages/os_ken/lib/hub.py:30: EventletDeprecationWarning:
2026-10-01T12:23:51+01:00 daim-lab-2 osken-manager[561795]: Eventlet is deprecated. It is currently being maintained in bugfix mode, and
2026-10-01T12:23:51+01:00 daim-lab-2 osken-manager[561795]: we strongly recommend against using it for new projects.
2026-10-01T12:23:51+01:00 daim-lab-2 osken-manager[561795]: If you are already using Eventlet, we recommend migrating to a different
2026-10-01T12:23:51+01:00 daim-lab-2 osken-manager[561795]: framework.  For more detail see
2026-10-01T12:23:51+01:00 daim-lab-2 osken-manager[561795]: https://eventlet.readthedocs.io/en/latest/asyncio/migration.html
2026-10-01T12:23:51+01:00 daim-lab-2 osken-manager[561795]:   import eventlet
2026-10-01T12:23:52+01:00 daim-lab-2 osken-manager[561795]: 1 RLock(s) were not greened, to fix this error make sure you run eventlet.monkey_patch() before importing any other modules.
2026-10-01T12:23:52+01:00 daim-lab-2 osken-manager[561795]: loading app /home/ubuntu/review_campaign/network/r5_daim_service_controller.py
2026-10-01T12:23:52+01:00 daim-lab-2 osken-manager[561795]: loading app os_ken.controller.ofp_handler
2026-10-01T12:23:52+01:00 daim-lab-2 osken-manager[561795]: instantiating app /home/ubuntu/review_campaign/network/r5_daim_service_controller.py of CampaignDaimController
2026-10-01T12:23:52+01:00 daim-lab-2 osken-manager[561795]: instantiating app os_ken.controller.ofp_handler of OFPHandler
2026-10-01T12:23:52+01:00 daim-lab-2 osken-manager[561795]: {"event": "ready", "mode": "process_per_rule"}
