2026-10-01T13:12:40+01:00 daim-lab-2 systemd[1]: Started daim-review-osken.service - DAIM review isolated osken.
2026-10-01T13:12:40+01:00 daim-lab-2 osken-manager[796306]: /home/ubuntu/daim_venv/lib/python3.12/site-packages/os_ken/lib/hub.py:30: EventletDeprecationWarning:
2026-10-01T13:12:40+01:00 daim-lab-2 osken-manager[796306]: Eventlet is deprecated. It is currently being maintained in bugfix mode, and
2026-10-01T13:12:40+01:00 daim-lab-2 osken-manager[796306]: we strongly recommend against using it for new projects.
2026-10-01T13:12:40+01:00 daim-lab-2 osken-manager[796306]: If you are already using Eventlet, we recommend migrating to a different
2026-10-01T13:12:40+01:00 daim-lab-2 osken-manager[796306]: framework.  For more detail see
2026-10-01T13:12:40+01:00 daim-lab-2 osken-manager[796306]: https://eventlet.readthedocs.io/en/latest/asyncio/migration.html
2026-10-01T13:12:40+01:00 daim-lab-2 osken-manager[796306]:   import eventlet
2026-10-01T13:12:40+01:00 daim-lab-2 osken-manager[796306]: 1 RLock(s) were not greened, to fix this error make sure you run eventlet.monkey_patch() before importing any other modules.
2026-10-01T13:12:40+01:00 daim-lab-2 osken-manager[796306]: loading app /home/ubuntu/review_campaign/network/r5_osken_service_controller.py
2026-10-01T13:12:40+01:00 daim-lab-2 osken-manager[796306]: loading app os_ken.controller.ofp_handler
2026-10-01T13:12:40+01:00 daim-lab-2 osken-manager[796306]: instantiating app /home/ubuntu/review_campaign/network/r5_osken_service_controller.py of CampaignOskenController
2026-10-01T13:12:40+01:00 daim-lab-2 osken-manager[796306]: instantiating app os_ken.controller.ofp_handler of OFPHandler
2026-10-01T13:13:11+01:00 daim-lab-2 osken-manager[796306]: {"event": "ready", "mode": "reactive_osken"}
2026-10-01T13:13:29+01:00 daim-lab-2 osken-manager[796306]: {"event": "ready", "mode": "reactive_osken"}
2026-10-01T13:13:43+01:00 daim-lab-2 systemd[1]: Stopping daim-review-osken.service - DAIM review isolated osken...
2026-10-01T13:13:43+01:00 daim-lab-2 systemd[1]: daim-review-osken.service: Deactivated successfully.
2026-10-01T13:13:43+01:00 daim-lab-2 systemd[1]: Stopped daim-review-osken.service - DAIM review isolated osken.
2026-10-01T13:13:44+01:00 daim-lab-2 systemd[1]: Started daim-review-osken.service - DAIM review isolated osken.
2026-10-01T13:13:44+01:00 daim-lab-2 osken-manager[797038]: /home/ubuntu/daim_venv/lib/python3.12/site-packages/os_ken/lib/hub.py:30: EventletDeprecationWarning:
2026-10-01T13:13:44+01:00 daim-lab-2 osken-manager[797038]: Eventlet is deprecated. It is currently being maintained in bugfix mode, and
2026-10-01T13:13:44+01:00 daim-lab-2 osken-manager[797038]: we strongly recommend against using it for new projects.
2026-10-01T13:13:44+01:00 daim-lab-2 osken-manager[797038]: If you are already using Eventlet, we recommend migrating to a different
2026-10-01T13:13:44+01:00 daim-lab-2 osken-manager[797038]: framework.  For more detail see
2026-10-01T13:13:44+01:00 daim-lab-2 osken-manager[797038]: https://eventlet.readthedocs.io/en/latest/asyncio/migration.html
2026-10-01T13:13:44+01:00 daim-lab-2 osken-manager[797038]:   import eventlet
2026-10-01T13:13:44+01:00 daim-lab-2 osken-manager[797038]: 1 RLock(s) were not greened, to fix this error make sure you run eventlet.monkey_patch() before importing any other modules.
2026-10-01T13:13:44+01:00 daim-lab-2 osken-manager[797038]: loading app /home/ubuntu/review_campaign/network/r5_osken_service_controller.py
2026-10-01T13:13:44+01:00 daim-lab-2 osken-manager[797038]: loading app os_ken.controller.ofp_handler
2026-10-01T13:13:44+01:00 daim-lab-2 osken-manager[797038]: instantiating app /home/ubuntu/review_campaign/network/r5_osken_service_controller.py of CampaignOskenController
2026-10-01T13:13:44+01:00 daim-lab-2 osken-manager[797038]: instantiating app os_ken.controller.ofp_handler of OFPHandler
2026-10-01T13:13:45+01:00 daim-lab-2 osken-manager[797038]: {"event": "ready", "mode": "reactive_osken"}
2026-10-01T13:13:47+01:00 daim-lab-2 osken-manager[797038]: {"event": "ready", "mode": "reactive_osken"}
2026-10-01T13:13:47+01:00 daim-lab-2 osken-manager[797038]: {"event": "ready", "mode": "reactive_osken"}
2026-10-01T13:13:47+01:00 daim-lab-2 osken-manager[797038]: {"event": "ready", "mode": "reactive_osken"}
2026-10-01T13:13:47+01:00 daim-lab-2 osken-manager[797038]: {"event": "ready", "mode": "reactive_osken"}
2026-10-01T13:13:47+01:00 daim-lab-2 osken-manager[797038]: {"event": "ready", "mode": "reactive_osken"}
2026-10-01T13:13:47+01:00 daim-lab-2 osken-manager[797038]: {"event": "ready", "mode": "reactive_osken"}
2026-10-01T13:13:47+01:00 daim-lab-2 osken-manager[797038]: {"event": "ready", "mode": "reactive_osken"}
2026-10-01T13:13:47+01:00 daim-lab-2 osken-manager[797038]: {"event": "ready", "mode": "reactive_osken"}
2026-10-01T13:13:47+01:00 daim-lab-2 osken-manager[797038]: {"event": "ready", "mode": "reactive_osken"}
2026-10-01T13:13:47+01:00 daim-lab-2 osken-manager[797038]: {"event": "ready", "mode": "reactive_osken"}
2026-10-01T13:13:47+01:00 daim-lab-2 osken-manager[797038]: {"event": "ready", "mode": "reactive_osken"}
2026-10-01T13:13:47+01:00 daim-lab-2 osken-manager[797038]: {"event": "ready", "mode": "reactive_osken"}
2026-10-01T13:13:47+01:00 daim-lab-2 osken-manager[797038]: {"event": "ready", "mode": "reactive_osken"}
2026-10-01T13:13:47+01:00 daim-lab-2 osken-manager[797038]: {"event": "ready", "mode": "reactive_osken"}
2026-10-01T13:13:47+01:00 daim-lab-2 osken-manager[797038]: {"event": "ready", "mode": "reactive_osken"}
2026-10-01T13:13:48+01:00 daim-lab-2 osken-manager[797038]: {"event": "ready", "mode": "reactive_osken"}
2026-10-01T13:14:04+01:00 daim-lab-2 osken-manager[797038]: {"event": "ready", "mode": "reactive_osken"}
2026-10-01T13:14:04+01:00 daim-lab-2 osken-manager[797038]: {"event": "ready", "mode": "reactive_osken"}
2026-10-01T13:14:04+01:00 daim-lab-2 osken-manager[797038]: {"event": "ready", "mode": "reactive_osken"}
2026-10-01T13:14:04+01:00 daim-lab-2 osken-manager[797038]: {"event": "ready", "mode": "reactive_osken"}
2026-10-01T13:14:04+01:00 daim-lab-2 osken-manager[797038]: {"event": "ready", "mode": "reactive_osken"}
2026-10-01T13:14:04+01:00 daim-lab-2 osken-manager[797038]: {"event": "ready", "mode": "reactive_osken"}
2026-10-01T13:14:04+01:00 daim-lab-2 osken-manager[797038]: {"event": "ready", "mode": "reactive_osken"}
2026-10-01T13:14:04+01:00 daim-lab-2 osken-manager[797038]: {"event": "ready", "mode": "reactive_osken"}
2026-10-01T13:14:18+01:00 daim-lab-2 osken-manager[797038]: {"event": "ready", "mode": "reactive_osken"}
2026-10-01T13:14:35+01:00 daim-lab-2 osken-manager[797038]: {"event": "ready", "mode": "reactive_osken"}
2026-10-01T13:14:36+01:00 daim-lab-2 osken-manager[797038]: {"event": "ready", "mode": "reactive_osken"}
2026-10-01T13:14:36+01:00 daim-lab-2 osken-manager[797038]: {"event": "ready", "mode": "reactive_osken"}
2026-10-01T13:14:36+01:00 daim-lab-2 osken-manager[797038]: {"event": "ready", "mode": "reactive_osken"}
2026-10-01T13:14:36+01:00 daim-lab-2 osken-manager[797038]: {"event": "ready", "mode": "reactive_osken"}
2026-10-01T13:14:54+01:00 daim-lab-2 osken-manager[797038]: {"event": "ready", "mode": "reactive_osken"}
2026-10-01T13:15:10+01:00 daim-lab-2 osken-manager[797038]: {"event": "ready", "mode": "reactive_osken"}
2026-10-01T13:15:10+01:00 daim-lab-2 osken-manager[797038]: {"event": "ready", "mode": "reactive_osken"}
2026-10-01T13:15:10+01:00 daim-lab-2 osken-manager[797038]: {"event": "ready", "mode": "reactive_osken"}
2026-10-01T13:15:10+01:00 daim-lab-2 osken-manager[797038]: {"event": "ready", "mode": "reactive_osken"}
2026-10-01T13:15:10+01:00 daim-lab-2 osken-manager[797038]: {"event": "ready", "mode": "reactive_osken"}
2026-10-01T13:15:10+01:00 daim-lab-2 osken-manager[797038]: {"event": "ready", "mode": "reactive_osken"}
2026-10-01T13:15:10+01:00 daim-lab-2 osken-manager[797038]: {"event": "ready", "mode": "reactive_osken"}
2026-10-01T13:15:10+01:00 daim-lab-2 osken-manager[797038]: {"event": "ready", "mode": "reactive_osken"}
2026-10-01T13:15:10+01:00 daim-lab-2 osken-manager[797038]: {"event": "ready", "mode": "reactive_osken"}
2026-10-01T13:15:10+01:00 daim-lab-2 osken-manager[797038]: {"event": "ready", "mode": "reactive_osken"}
2026-10-01T13:15:10+01:00 daim-lab-2 osken-manager[797038]: {"event": "ready", "mode": "reactive_osken"}
2026-10-01T13:15:10+01:00 daim-lab-2 osken-manager[797038]: {"event": "ready", "mode": "reactive_osken"}
2026-10-01T13:15:10+01:00 daim-lab-2 osken-manager[797038]: {"event": "ready", "mode": "reactive_osken"}
2026-10-01T13:15:11+01:00 daim-lab-2 osken-manager[797038]: {"event": "ready", "mode": "reactive_osken"}
2026-10-01T13:15:11+01:00 daim-lab-2 osken-manager[797038]: {"event": "ready", "mode": "reactive_osken"}
2026-10-01T13:15:11+01:00 daim-lab-2 osken-manager[797038]: {"event": "ready", "mode": "reactive_osken"}
2026-10-01T13:15:25+01:00 daim-lab-2 osken-manager[797038]: {"event": "ready", "mode": "reactive_osken"}
2026-10-01T13:15:39+01:00 daim-lab-2 osken-manager[797038]: {"event": "ready", "mode": "reactive_osken"}
2026-10-01T13:15:39+01:00 daim-lab-2 osken-manager[797038]: {"event": "ready", "mode": "reactive_osken"}
2026-10-01T13:15:39+01:00 daim-lab-2 osken-manager[797038]: {"event": "ready", "mode": "reactive_osken"}
2026-10-01T13:15:39+01:00 daim-lab-2 osken-manager[797038]: {"event": "ready", "mode": "reactive_osken"}
2026-10-01T13:15:39+01:00 daim-lab-2 osken-manager[797038]: {"event": "ready", "mode": "reactive_osken"}
2026-10-01T13:15:40+01:00 daim-lab-2 osken-manager[797038]: {"event": "ready", "mode": "reactive_osken"}
2026-10-01T13:15:40+01:00 daim-lab-2 osken-manager[797038]: {"event": "ready", "mode": "reactive_osken"}
2026-10-01T13:15:40+01:00 daim-lab-2 osken-manager[797038]: {"event": "ready", "mode": "reactive_osken"}
2026-10-01T13:15:54+01:00 daim-lab-2 osken-manager[797038]: {"event": "ready", "mode": "reactive_osken"}
2026-10-01T13:16:42+01:00 daim-lab-2 osken-manager[797038]: {"event": "ready", "mode": "reactive_osken"}
2026-10-01T13:16:42+01:00 daim-lab-2 osken-manager[797038]: {"event": "ready", "mode": "reactive_osken"}
2026-10-01T13:16:42+01:00 daim-lab-2 osken-manager[797038]: {"event": "ready", "mode": "reactive_osken"}
2026-10-01T13:16:42+01:00 daim-lab-2 osken-manager[797038]: {"event": "ready", "mode": "reactive_osken"}
2026-10-01T13:16:56+01:00 daim-lab-2 osken-manager[797038]: {"event": "ready", "mode": "reactive_osken"}
2026-10-01T13:16:56+01:00 daim-lab-2 osken-manager[797038]: {"event": "ready", "mode": "reactive_osken"}
2026-10-01T13:16:56+01:00 daim-lab-2 osken-manager[797038]: {"event": "ready", "mode": "reactive_osken"}
2026-10-01T13:16:56+01:00 daim-lab-2 osken-manager[797038]: {"event": "ready", "mode": "reactive_osken"}
2026-10-01T13:16:56+01:00 daim-lab-2 osken-manager[797038]: {"event": "ready", "mode": "reactive_osken"}
2026-10-01T13:16:56+01:00 daim-lab-2 osken-manager[797038]: {"event": "ready", "mode": "reactive_osken"}
2026-10-01T13:16:56+01:00 daim-lab-2 osken-manager[797038]: {"event": "ready", "mode": "reactive_osken"}
2026-10-01T13:16:56+01:00 daim-lab-2 osken-manager[797038]: {"event": "ready", "mode": "reactive_osken"}
2026-10-01T13:16:57+01:00 daim-lab-2 osken-manager[797038]: {"event": "ready", "mode": "reactive_osken"}
2026-10-01T13:16:57+01:00 daim-lab-2 osken-manager[797038]: {"event": "ready", "mode": "reactive_osken"}
2026-10-01T13:16:57+01:00 daim-lab-2 osken-manager[797038]: {"event": "ready", "mode": "reactive_osken"}
2026-10-01T13:16:57+01:00 daim-lab-2 osken-manager[797038]: {"event": "ready", "mode": "reactive_osken"}
2026-10-01T13:16:57+01:00 daim-lab-2 osken-manager[797038]: {"event": "ready", "mode": "reactive_osken"}
2026-10-01T13:16:57+01:00 daim-lab-2 osken-manager[797038]: {"event": "ready", "mode": "reactive_osken"}
2026-10-01T13:16:57+01:00 daim-lab-2 osken-manager[797038]: {"event": "ready", "mode": "reactive_osken"}
2026-10-01T13:16:57+01:00 daim-lab-2 osken-manager[797038]: {"event": "ready", "mode": "reactive_osken"}
2026-10-01T13:17:11+01:00 daim-lab-2 osken-manager[797038]: {"event": "ready", "mode": "reactive_osken"}
2026-10-01T13:17:26+01:00 daim-lab-2 osken-manager[797038]: {"event": "ready", "mode": "reactive_osken"}
2026-10-01T13:17:26+01:00 daim-lab-2 osken-manager[797038]: {"event": "ready", "mode": "reactive_osken"}
2026-10-01T13:17:26+01:00 daim-lab-2 osken-manager[797038]: {"event": "ready", "mode": "reactive_osken"}
2026-10-01T13:17:26+01:00 daim-lab-2 osken-manager[797038]: {"event": "ready", "mode": "reactive_osken"}
2026-10-01T13:17:41+01:00 daim-lab-2 osken-manager[797038]: {"event": "ready", "mode": "reactive_osken"}
2026-10-01T13:17:57+01:00 daim-lab-2 systemd[1]: daim-review-osken.service: Sent signal SIGKILL to main process 797038 (osken-manager) on client request.
2026-10-01T13:17:57+01:00 daim-lab-2 systemd[1]: daim-review-osken.service: Main process exited, code=killed, status=9/KILL
2026-10-01T13:17:57+01:00 daim-lab-2 systemd[1]: daim-review-osken.service: Failed with result 'signal'.
2026-10-01T13:17:58+01:00 daim-lab-2 systemd[1]: Started daim-review-osken.service - DAIM review isolated osken.
2026-10-01T13:17:58+01:00 daim-lab-2 osken-manager[826649]: /home/ubuntu/daim_venv/lib/python3.12/site-packages/os_ken/lib/hub.py:30: EventletDeprecationWarning:
2026-10-01T13:17:58+01:00 daim-lab-2 osken-manager[826649]: Eventlet is deprecated. It is currently being maintained in bugfix mode, and
2026-10-01T13:17:58+01:00 daim-lab-2 osken-manager[826649]: we strongly recommend against using it for new projects.
2026-10-01T13:17:58+01:00 daim-lab-2 osken-manager[826649]: If you are already using Eventlet, we recommend migrating to a different
2026-10-01T13:17:58+01:00 daim-lab-2 osken-manager[826649]: framework.  For more detail see
2026-10-01T13:17:58+01:00 daim-lab-2 osken-manager[826649]: https://eventlet.readthedocs.io/en/latest/asyncio/migration.html
2026-10-01T13:17:58+01:00 daim-lab-2 osken-manager[826649]:   import eventlet
2026-10-01T13:17:58+01:00 daim-lab-2 osken-manager[826649]: 1 RLock(s) were not greened, to fix this error make sure you run eventlet.monkey_patch() before importing any other modules.
2026-10-01T13:17:58+01:00 daim-lab-2 osken-manager[826649]: loading app /home/ubuntu/review_campaign/network/r5_osken_service_controller.py
2026-10-01T13:17:58+01:00 daim-lab-2 osken-manager[826649]: loading app os_ken.controller.ofp_handler
2026-10-01T13:17:58+01:00 daim-lab-2 osken-manager[826649]: instantiating app /home/ubuntu/review_campaign/network/r5_osken_service_controller.py of CampaignOskenController
2026-10-01T13:17:58+01:00 daim-lab-2 osken-manager[826649]: instantiating app os_ken.controller.ofp_handler of OFPHandler
2026-10-01T13:18:00+01:00 daim-lab-2 osken-manager[826649]: {"event": "ready", "mode": "reactive_osken"}
2026-10-01T13:18:01+01:00 daim-lab-2 osken-manager[826649]: {"event": "ready", "mode": "reactive_osken"}
2026-10-01T13:18:01+01:00 daim-lab-2 osken-manager[826649]: {"event": "ready", "mode": "reactive_osken"}
2026-10-01T13:18:01+01:00 daim-lab-2 osken-manager[826649]: {"event": "ready", "mode": "reactive_osken"}
2026-10-01T13:18:01+01:00 daim-lab-2 osken-manager[826649]: {"event": "ready", "mode": "reactive_osken"}
2026-10-01T13:18:01+01:00 daim-lab-2 osken-manager[826649]: {"event": "ready", "mode": "reactive_osken"}
2026-10-01T13:18:01+01:00 daim-lab-2 osken-manager[826649]: {"event": "ready", "mode": "reactive_osken"}
2026-10-01T13:18:01+01:00 daim-lab-2 osken-manager[826649]: {"event": "ready", "mode": "reactive_osken"}
2026-10-01T13:18:01+01:00 daim-lab-2 osken-manager[826649]: {"event": "ready", "mode": "reactive_osken"}
