2026-10-01T13:18:16+01:00 daim-lab-2 systemd[1]: Started daim-review-odl.service - DAIM review isolated odl.
2026-10-01T13:18:16+01:00 daim-lab-2 karaf[828399]: Apache Karaf starting up. Press Enter to open the shell now...
2026-10-01T13:18:23+01:00 daim-lab-2 karaf[828399]: [7.8K blob data]
2026-10-01T13:18:23+01:00 daim-lab-2 karaf[828399]: Karaf started in 5s. Bundle stats: 415 active, 416 total
2026-10-01T13:20:17+01:00 daim-lab-2 systemd[1]: Stopping daim-review-odl.service - DAIM review isolated odl...
2026-10-01T13:20:23+01:00 daim-lab-2 systemd[1]: daim-review-odl.service: Deactivated successfully.
2026-10-01T13:20:23+01:00 daim-lab-2 systemd[1]: Stopped daim-review-odl.service - DAIM review isolated odl.
2026-10-01T13:20:23+01:00 daim-lab-2 systemd[1]: daim-review-odl.service: Consumed 40.449s CPU time, 672.3M memory peak, 0B memory swap peak.
2026-10-01T13:20:23+01:00 daim-lab-2 systemd[1]: Started daim-review-odl.service - DAIM review isolated odl.
2026-10-01T13:20:23+01:00 daim-lab-2 karaf[830275]: Apache Karaf starting up. Press Enter to open the shell now...
2026-10-01T13:20:30+01:00 daim-lab-2 karaf[830275]: [7.8K blob data]
2026-10-01T13:20:30+01:00 daim-lab-2 karaf[830275]: Karaf started in 5s. Bundle stats: 415 active, 416 total
2026-10-01T13:27:04+01:00 daim-lab-2 systemd[1]: daim-review-odl.service: Sent signal SIGKILL to main process 830113 (karaf) on client request.
2026-10-01T13:27:04+01:00 daim-lab-2 systemd[1]: daim-review-odl.service: Sending signal SIGKILL to process 830275 (java) on client request.
2026-10-01T13:27:04+01:00 daim-lab-2 systemd[1]: daim-review-odl.service: Failed to send signal SIGKILL to auxiliary processes on client request: Invalid argument
2026-10-01T13:27:04+01:00 daim-lab-2 systemd[1]: daim-review-odl.service: Main process exited, code=killed, status=9/KILL
2026-10-01T13:27:04+01:00 daim-lab-2 systemd[1]: daim-review-odl.service: Failed with result 'signal'.
2026-10-01T13:27:04+01:00 daim-lab-2 systemd[1]: daim-review-odl.service: Consumed 1min 31.239s CPU time, 815.9M memory peak, 0B memory swap peak.
2026-10-01T13:27:04+01:00 daim-lab-2 systemd[1]: Started daim-review-odl.service - DAIM review isolated odl.
2026-10-01T13:27:05+01:00 daim-lab-2 karaf[865057]: Apache Karaf starting up. Press Enter to open the shell now...
2026-10-01T13:27:11+01:00 daim-lab-2 karaf[865057]: [7.8K blob data]
2026-10-01T13:27:11+01:00 daim-lab-2 karaf[865057]: Karaf started in 5s. Bundle stats: 415 active, 416 total
